// Jest Snapshot v1, https://goo.gl/fbAQLP

exports[`HomeEventCategory should render component correct 1`] = `
<div>
  <div
    class="MuiPaper-root makeStyles-container-1 MuiPaper-elevation1 MuiPaper-rounded"
  >
    <div>
      <div
        class="MuiGrid-root MuiGrid-container"
      >
        <div
          class="MuiGrid-root MuiGrid-item MuiGrid-grid-xs-8"
        >
          <img
            alt="Pancake With Sliced Strawberry"
            class="makeStyles-bg-2"
            src="/files/1.jpg"
          />
        </div>
        <div
          class="MuiGrid-root makeStyles-description-6 MuiGrid-item MuiGrid-grid-xs-4"
        >
          <p
            class="MuiTypography-root MuiTypography-body1"
          >
            28 Feb 2019
          </p>
          <div
            class="makeStyles-organization-3"
          >
            <h6
              class="MuiTypography-root makeStyles-title-4 MuiTypography-h6"
            >
              Pancake With Sliced Strawberry
            </h6>
            <p
              class="MuiTypography-root MuiTypography-body1"
            >
              by 
              Standard Chartered
            </p>
            <button
              class="MuiButtonBase-root MuiButton-root MuiButton-outlined makeStyles-followButton-5 MuiButton-outlinedPrimary"
              tabindex="0"
              type="button"
            >
              <span
                class="MuiButton-label"
              >
                FOLLOW
              </span>
              <span
                class="MuiTouchRipple-root"
              />
            </button>
          </div>
          <p
            class="MuiTypography-root MuiTypography-body1"
          >
            FREE
          </p>
        </div>
      </div>
    </div>
    <div
      class="makeStyles-footer-7"
    >
      <button
        aria-label="add to favorites"
        class="MuiButtonBase-root MuiIconButton-root"
        tabindex="0"
        type="button"
      >
        <span
          class="MuiIconButton-label"
        >
          <svg
            aria-hidden="true"
            class="MuiSvgIcon-root"
            focusable="false"
            viewBox="0 0 24 24"
          >
            <path
              d="M12 21.35l-1.45-1.32C5.4 15.36 2 12.28 2 8.5 2 5.42 4.42 3 7.5 3c1.74 0 3.41.81 4.5 2.09C13.09 3.81 14.76 3 16.5 3 19.58 3 22 5.42 22 8.5c0 3.78-3.4 6.86-8.55 11.54L12 21.35z"
            />
          </svg>
        </span>
        <span
          class="MuiTouchRipple-root"
        />
      </button>
      <button
        aria-label="share"
        class="MuiButtonBase-root MuiIconButton-root"
        tabindex="0"
        type="button"
      >
        <span
          class="MuiIconButton-label"
        >
          <svg
            aria-hidden="true"
            class="MuiSvgIcon-root"
            focusable="false"
            viewBox="0 0 24 24"
          >
            <path
              d="M18 16.08c-.76 0-1.44.3-1.96.77L8.91 12.7c.05-.23.09-.46.09-.7s-.04-.47-.09-.7l7.05-4.11c.54.5 1.25.81 2.04.81 1.66 0 3-1.34 3-3s-1.34-3-3-3-3 1.34-3 3c0 .24.04.47.09.7L8.04 9.81C7.5 9.31 6.79 9 6 9c-1.66 0-3 1.34-3 3s1.34 3 3 3c.79 0 1.5-.31 2.04-.81l7.12 4.16c-.05.21-.08.43-.08.65 0 1.61 1.31 2.92 2.92 2.92 1.61 0 2.92-1.31 2.92-2.92s-1.31-2.92-2.92-2.92z"
            />
          </svg>
        </span>
        <span
          class="MuiTouchRipple-root"
        />
      </button>
    </div>
  </div>
</div>
`;
